/*C12*/SET SCHEMA PUBLIC
INSERT INTO COMMON_SYSTEM_LOG VALUES(150,'[2026/06/19 03:42:38.798 JST][DEBUG][http-nio-58080-exec-1][2122122100082140045]','DNSQuery is arrived. DNSQuery=org.loxsols.net.service.dns.loulandns.server.logical.model.protocol.dns.impl.DNSQuestionMessageImpl@3b8d0651','2026/06/19 03:42:38.798 JST',NULL,NULL,NULL,101,NULL,'2026/06/19 03:42:38.798 JST','2026/06/19 03:42:38.798 JST')
COMMIT
INSERT INTO COMMON_SYSTEM_LOG VALUES(151,'[2026/06/19 03:42:38.923 JST][DEBUG][http-nio-58080-exec-1][-8970938711736967667]','DNSQuery is proccessed. DNSQuery=org.loxsols.net.service.dns.loulandns.server.logical.model.protocol.dns.impl.DNSQuestionMessageImpl@3b8d0651, DNSResponse=--------------------------------------\u000d\u000aHeader Section\u000d\u000aRCode = 8\u000d\u000aQDCount = 1\u000d\u000aANCount = 1\u000d\u000a--------------------------------------\u000d\u000a--------------------------------------\u000a\u000d\u000aQuestion Section\u000a\u000d\u000aQDCount = 1\u000d\u000a--------------------------------------\u000a\u000d\u000aqname : google.co.jp.\u000a\u000d\u000a--------------------------------------\u000a\u000d\u000aAnswer Section\u000a\u000d\u000aANCount = 1\u000d\u000a--------------------------------------\u000a\u000d\u000arname : google.co.jp.\u000a\u000d\u000a','2026/06/19 03:42:38.923 JST',NULL,NULL,NULL,101,NULL,'2026/06/19 03:42:38.923 JST','2026/06/19 03:42:38.923 JST')
COMMIT
INSERT INTO COMMON_SYSTEM_LOG VALUES(152,'[2026/06/19 03:42:58.515 JST][DEBUG][http-nio-58080-exec-3][-1126743316017643345]','DNSQuery is arrived. DNSQuery=org.loxsols.net.service.dns.loulandns.server.logical.model.protocol.dns.impl.DNSQuestionMessageImpl@4e4c1033','2026/06/19 03:42:58.515 JST',NULL,NULL,NULL,101,NULL,'2026/06/19 03:42:58.515 JST','2026/06/19 03:42:58.515 JST')
COMMIT
INSERT INTO COMMON_SYSTEM_LOG VALUES(153,'[2026/06/19 03:42:58.599 JST][DEBUG][http-nio-58080-exec-3][8031172631603233634]','DNSQuery is proccessed. DNSQuery=org.loxsols.net.service.dns.loulandns.server.logical.model.protocol.dns.impl.DNSQuestionMessageImpl@4e4c1033, DNSResponse=--------------------------------------\u000d\u000aHeader Section\u000d\u000aRCode = 8\u000d\u000aQDCount = 1\u000d\u000aANCount = 1\u000d\u000a--------------------------------------\u000d\u000a--------------------------------------\u000a\u000d\u000aQuestion Section\u000a\u000d\u000aQDCount = 1\u000d\u000a--------------------------------------\u000a\u000d\u000aqname : google.co.jp.\u000a\u000d\u000a--------------------------------------\u000a\u000d\u000aAnswer Section\u000a\u000d\u000aANCount = 1\u000d\u000a--------------------------------------\u000a\u000d\u000arname : google.co.jp.\u000a\u000d\u000a','2026/06/19 03:42:58.599 JST',NULL,NULL,NULL,101,NULL,'2026/06/19 03:42:58.599 JST','2026/06/19 03:42:58.599 JST')
COMMIT
INSERT INTO COMMON_SYSTEM_LOG VALUES(154,'[2026/06/19 03:43:36.902 JST][DEBUG][http-nio-58080-exec-5][-8788568700560020438]','DNSQuery is arrived. DNSQuery=org.loxsols.net.service.dns.loulandns.server.logical.model.protocol.dns.impl.DNSQuestionMessageImpl@1757a221','2026/06/19 03:43:36.902 JST',NULL,NULL,NULL,101,NULL,'2026/06/19 03:43:36.902 JST','2026/06/19 03:43:36.902 JST')
COMMIT
INSERT INTO COMMON_SYSTEM_LOG VALUES(155,'[2026/06/19 03:43:36.963 JST][DEBUG][http-nio-58080-exec-5][3504183327821087165]','DNSQuery is proccessed. DNSQuery=org.loxsols.net.service.dns.loulandns.server.logical.model.protocol.dns.impl.DNSQuestionMessageImpl@1757a221, DNSResponse=--------------------------------------\u000d\u000aHeader Section\u000d\u000aRCode = 8\u000d\u000aQDCount = 1\u000d\u000aANCount = 1\u000d\u000a--------------------------------------\u000d\u000a--------------------------------------\u000a\u000d\u000aQuestion Section\u000a\u000d\u000aQDCount = 1\u000d\u000a--------------------------------------\u000a\u000d\u000aqname : google.co.jp.\u000a\u000d\u000a--------------------------------------\u000a\u000d\u000aAnswer Section\u000a\u000d\u000aANCount = 1\u000d\u000a--------------------------------------\u000a\u000d\u000arname : google.co.jp.\u000a\u000d\u000a','2026/06/19 03:43:36.963 JST',NULL,NULL,NULL,101,NULL,'2026/06/19 03:43:36.963 JST','2026/06/19 03:43:36.963 JST')
COMMIT
DISCONNECT
/*C13*/SET SCHEMA PUBLIC
DISCONNECT
/*C14*/SET SCHEMA PUBLIC
DISCONNECT
/*C15*/SET SCHEMA PUBLIC
DISCONNECT
/*C16*/SET SCHEMA PUBLIC
DISCONNECT
/*C17*/SET SCHEMA PUBLIC
DISCONNECT
/*C18*/SET SCHEMA PUBLIC
DISCONNECT
/*C19*/SET SCHEMA PUBLIC
DISCONNECT
/*C20*/SET SCHEMA PUBLIC
DISCONNECT
/*C21*/SET SCHEMA PUBLIC
DISCONNECT
